<<<<<<< HEAD
123968
=======
126229
>>>>>>> reverse-mapping
