<<<<<<< HEAD
62380
=======
62372
>>>>>>> reverse-mapping
