<<<<<<< HEAD
348847
=======
373453
>>>>>>> reverse-mapping
