<<<<<<< HEAD
127860
=======
129096
>>>>>>> reverse-mapping
