<<<<<<< HEAD
341053
=======
365659
>>>>>>> reverse-mapping
