<<<<<<< HEAD
420802
=======
465248
>>>>>>> reverse-mapping
