<<<<<<< HEAD
349545
=======
374151
>>>>>>> reverse-mapping
