<<<<<<< HEAD
319677
=======
318937
>>>>>>> reverse-mapping
