<<<<<<< HEAD
375493
=======
419999
>>>>>>> reverse-mapping
