<<<<<<< HEAD
135121
=======
135992
>>>>>>> reverse-mapping
