<<<<<<< HEAD
47137
=======
49976
>>>>>>> reverse-mapping
