<<<<<<< HEAD
245259
=======
244519
>>>>>>> reverse-mapping
