<<<<<<< HEAD
79492
=======
79484
>>>>>>> reverse-mapping
