<<<<<<< HEAD
116184
=======
119920
>>>>>>> reverse-mapping
