<<<<<<< HEAD
150641
=======
154377
>>>>>>> reverse-mapping
