<<<<<<< HEAD
131046
=======
133125
>>>>>>> reverse-mapping
