<<<<<<< HEAD
376353
=======
420859
>>>>>>> reverse-mapping
