<<<<<<< HEAD
325053
=======
324313
>>>>>>> reverse-mapping
