<<<<<<< HEAD
123465
=======
125727
>>>>>>> reverse-mapping
