<<<<<<< HEAD
47320
=======
49976
>>>>>>> reverse-mapping
