<<<<<<< HEAD
319035
=======
318295
>>>>>>> reverse-mapping
