<<<<<<< HEAD
375077
=======
419583
>>>>>>> reverse-mapping
