<<<<<<< HEAD
45268
=======
45260
>>>>>>> reverse-mapping
