<<<<<<< HEAD
130544
=======
132623
>>>>>>> reverse-mapping
